// Jest Snapshot v1, https://goo.gl/fbAQLP

exports[`RetrospectiveList snapshot renders 1`] = `
<table
  border={1}
  cellPadding={4}
  cellSpacing={0}
>
  <thead>
    <tr>
      <td>
        Name
      </td>
      <td>
        Summary
      </td>
      <td>
        Date
      </td>
      <td>
        Participants
      </td>
      <td />
    </tr>
  </thead>
  <tbody>
    <tr>
      <td>
        test
      </td>
      <td>
        test
      </td>
      <td>
        2 February 2012
      </td>
      <td>
        <div>
          Person 1
        </div>
        <div>
          Person 2
        </div>
      </td>
      <td>
        <a
          href="/view/undefined"
        >
          View
        </a>
      </td>
    </tr>
  </tbody>
</table>
`;
